Timestamp               Ty Process[PID:TID]
2026-10-04 13:23:01.801 E  CmdTab[16849:7d3e0f] [com.apple.AppKit:Application] Error registering app with intents framework: Error Domain=LNProcessInstanceRegistryClientErrorDomain Code=4 "Registration with the Process Instance Registry is asynchronous; use registerWithCompletionHandler: to obtain the process instance identifier." UserInfo={NSLocalizedDescription=Registration with the Process Instance Registry is asynchronous; use registerWithCompletionHandler: to obtain the process instance identifier.}
2026-10-04 13:23:01.804 E  CmdTab[16849:7d3e19] [com.apple.appintents:Connection] Unable to get remoteObjectProxy, error: Error Domain=NSCocoaErrorDomain Code=4097 "connection to service named com.apple.linkd.autoShortcut" UserInfo={NSDebugDescription=connection to service named com.apple.linkd.autoShortcut}
2026-10-04 13:23:01.804 E  CmdTab[16849:7d3e19] [com.apple.appintents:Connection] Unable to register with Process Instance Registry, error: Error Domain=NSCocoaErrorDomain Code=4097 "connection to service named com.apple.linkd.autoShortcut" UserInfo={NSDebugDescription=connection to service named com.apple.linkd.autoShortcut}
2026-10-04 13:23:02.196 E  CmdTab[16849:7d3e19] [CmdTab:AppSwitcher] Screen Recording permission not granted — thumbnails will be unavailable. Grant access in System Settings > Privacy & Security > Screen Recording.
2026-10-04 13:23:02.230 E  CmdTab[16849:7d3e0f] [CmdTab:PreviewRecovery] Preview recovery shareable-content failed for window 18172: domain=com.apple.ScreenCaptureKit.SCStreamErrorDomain code=-3801
2026-10-04 13:23:02.239 E  CmdTab[16849:7d3e0f] [CmdTab:PreviewRecovery] Preview recovery shareable-content failed for window 17717: domain=com.apple.ScreenCaptureKit.SCStreamErrorDomain code=-3801
2026-10-04 13:23:02.250 E  CmdTab[16849:7d3e0f] [CmdTab:PreviewRecovery] Preview recovery shareable-content failed for window 17675: domain=com.apple.ScreenCaptureKit.SCStreamErrorDomain code=-3801
2026-10-04 13:23:02.258 E  CmdTab[16849:7d3e0f] [CmdTab:PreviewRecovery] Preview recovery shareable-content failed for window 17673: domain=com.apple.ScreenCaptureKit.SCStreamErrorDomain code=-3801
2026-10-04 13:23:02.267 E  CmdTab[16849:7d3e0f] [CmdTab:PreviewRecovery] Preview recovery shareable-content failed for window 17544: domain=com.apple.ScreenCaptureKit.SCStreamErrorDomain code=-3801
2026-10-04 13:23:02.274 E  CmdTab[16849:7d3e0f] [CmdTab:PreviewRecovery] Preview recovery shareable-content failed for window 15834: domain=com.apple.ScreenCaptureKit.SCStreamErrorDomain code=-3801
2026-10-04 13:23:02.288 E  CmdTab[16849:7d3e0e] [CmdTab:PreviewRecovery] Preview recovery shareable-content failed for window 15777: domain=com.apple.ScreenCaptureKit.SCStreamErrorDomain code=-3801
2026-10-04 13:23:02.299 E  CmdTab[16849:7d3e19] [CmdTab:AppSwitcher] Screen Recording permission not granted — thumbnails will be unavailable. Grant access in System Settings > Privacy & Security > Screen Recording.
2026-10-04 13:23:02.300 E  CmdTab[16849:7d3e0e] [CmdTab:PreviewRecovery] Preview recovery shareable-content failed for window 15672: domain=com.apple.ScreenCaptureKit.SCStreamErrorDomain code=-3801
2026-10-04 13:23:02.310 E  CmdTab[16849:7d3e0e] [CmdTab:PreviewRecovery] Preview recovery shareable-content failed for window 15671: domain=com.apple.ScreenCaptureKit.SCStreamErrorDomain code=-3801
2026-10-04 13:23:02.320 E  CmdTab[16849:7d3e60] [CmdTab:PreviewRecovery] Preview recovery shareable-content failed for window 15253: domain=com.apple.ScreenCaptureKit.SCStreamErrorDomain code=-3801
2026-10-04 13:23:02.329 E  CmdTab[16849:7d3e60] [CmdTab:PreviewRecovery] Preview recovery shareable-content failed for window 15773: domain=com.apple.ScreenCaptureKit.SCStreamErrorDomain code=-3801
2026-10-04 13:23:02.345 E  CmdTab[16849:7d3e60] [CmdTab:PreviewRecovery] Preview recovery shareable-content failed for window 14581: domain=com.apple.ScreenCaptureKit.SCStreamErrorDomain code=-3801
2026-10-04 13:23:02.354 E  CmdTab[16849:7d3e60] [CmdTab:PreviewRecovery] Preview recovery shareable-content failed for window 15771: domain=com.apple.ScreenCaptureKit.SCStreamErrorDomain code=-3801
2026-10-04 13:23:02.360 E  CmdTab[16849:7d3e60] [CmdTab:PreviewRecovery] Preview recovery shareable-content failed for window 14580: domain=com.apple.ScreenCaptureKit.SCStreamErrorDomain code=-3801
2026-10-04 13:23:02.366 E  CmdTab[16849:7d3e60] [CmdTab:PreviewRecovery] Preview recovery shareable-content failed for window 15673: domain=com.apple.ScreenCaptureKit.SCStreamErrorDomain code=-3801
2026-10-04 13:23:02.373 E  CmdTab[16849:7d3e19] [CmdTab:AppSwitcher] Screen Recording permission not granted — thumbnails will be unavailable. Grant access in System Settings > Privacy & Security > Screen Recording.
2026-10-04 13:23:02.373 E  CmdTab[16849:7d3e51] [CmdTab:PreviewRecovery] Preview recovery shareable-content failed for window 12813: domain=com.apple.ScreenCaptureKit.SCStreamErrorDomain code=-3801
2026-10-04 13:23:02.382 E  CmdTab[16849:7d3e0e] [CmdTab:PreviewRecovery] Preview recovery shareable-content failed for window 11853: domain=com.apple.ScreenCaptureKit.SCStreamErrorDomain code=-3801
2026-10-04 13:23:02.393 E  CmdTab[16849:7d3e0e] [CmdTab:PreviewRecovery] Preview recovery shareable-content failed for window 11851: domain=com.apple.ScreenCaptureKit.SCStreamErrorDomain code=-3801
2026-10-04 13:23:02.403 E  CmdTab[16849:7d3e0e] [CmdTab:PreviewRecovery] Preview recovery shareable-content failed for window 11508: domain=com.apple.ScreenCaptureKit.SCStreamErrorDomain code=-3801
2026-10-04 13:23:02.410 E  CmdTab[16849:7d3e0e] [CmdTab:PreviewRecovery] Preview recovery shareable-content failed for window 11401: domain=com.apple.ScreenCaptureKit.SCStreamErrorDomain code=-3801
2026-10-04 13:23:02.418 E  CmdTab[16849:7d3e0e] [CmdTab:PreviewRecovery] Preview recovery shareable-content failed for window 10040: domain=com.apple.ScreenCaptureKit.SCStreamErrorDomain code=-3801
2026-10-04 13:23:02.427 E  CmdTab[16849:7d3e51] [CmdTab:PreviewRecovery] Preview recovery shareable-content failed for window 6128: domain=com.apple.ScreenCaptureKit.SCStreamErrorDomain code=-3801
2026-10-04 13:23:02.441 E  CmdTab[16849:7d3e0e] [CmdTab:PreviewRecovery] Preview recovery shareable-content failed for window 4733: domain=com.apple.ScreenCaptureKit.SCStreamErrorDomain code=-3801
2026-10-04 13:23:02.449 E  CmdTab[16849:7d3e19] [CmdTab:PreviewRecovery] Preview recovery shareable-content failed for window 3502: domain=com.apple.ScreenCaptureKit.SCStreamErrorDomain code=-3801
2026-10-04 13:23:02.461 E  CmdTab[16849:7d3e19] [CmdTab:PreviewRecovery] Preview recovery shareable-content failed for window 3225: domain=com.apple.ScreenCaptureKit.SCStreamErrorDomain code=-3801
2026-10-04 13:23:02.473 E  CmdTab[16849:7d3e19] [CmdTab:PreviewRecovery] Preview recovery shareable-content failed for window 155: domain=com.apple.ScreenCaptureKit.SCStreamErrorDomain code=-3801
2026-10-04 13:23:02.480 E  CmdTab[16849:7d3e19] [CmdTab:PreviewRecovery] Preview recovery shareable-content failed for window 6083: domain=com.apple.ScreenCaptureKit.SCStreamErrorDomain code=-3801
2026-10-04 13:23:02.487 E  CmdTab[16849:7d3e0e] [CmdTab:PreviewRecovery] Preview recovery shareable-content failed for window 10843: domain=com.apple.ScreenCaptureKit.SCStreamErrorDomain code=-3801
2026-10-04 13:23:02.498 E  CmdTab[16849:7d3e19] [CmdTab:PreviewRecovery] Preview recovery shareable-content failed for window 103: domain=com.apple.ScreenCaptureKit.SCStreamErrorDomain code=-3801
2026-10-04 13:23:02.509 E  CmdTab[16849:7d3e0e] [CmdTab:PreviewRecovery] Preview recovery shareable-content failed for window 15575: domain=com.apple.ScreenCaptureKit.SCStreamErrorDomain code=-3801
2026-10-04 13:23:02.517 E  CmdTab[16849:7d3e0e] [CmdTab:PreviewRecovery] Preview recovery shareable-content failed for window 83: domain=com.apple.ScreenCaptureKit.SCStreamErrorDomain code=-3801
2026-10-04 13:23:02.524 E  CmdTab[16849:7d3e0e] [CmdTab:PreviewRecovery] Preview recovery shareable-content failed for window 11979: domain=com.apple.ScreenCaptureKit.SCStreamErrorDomain code=-3801
2026-10-04 13:23:02.533 E  CmdTab[16849:7d3e51] [CmdTab:PreviewRecovery] Preview recovery shareable-content failed for window 69: domain=com.apple.ScreenCaptureKit.SCStreamErrorDomain code=-3801
2026-10-04 13:23:02.540 E  CmdTab[16849:7d3e0e] [CmdTab:PreviewRecovery] Preview recovery shareable-content failed for window 649: domain=com.apple.ScreenCaptureKit.SCStreamErrorDomain code=-3801
2026-10-04 13:23:02.551 E  CmdTab[16849:7d3e0e] [CmdTab:PreviewRecovery] Preview recovery shareable-content failed for window 626: domain=com.apple.ScreenCaptureKit.SCStreamErrorDomain code=-3801
2026-10-04 13:23:02.561 E  CmdTab[16849:7d3e0e] [CmdTab:PreviewRecovery] Preview recovery shareable-content failed for window 6065: domain=com.apple.ScreenCaptureKit.SCStreamErrorDomain code=-3801
2026-10-04 13:23:02.575 E  CmdTab[16849:7d3e0e] [CmdTab:PreviewRecovery] Preview recovery shareable-content failed for window 110: domain=com.apple.ScreenCaptureKit.SCStreamErrorDomain code=-3801
2026-10-04 13:23:02.591 E  CmdTab[16849:7d3e0e] [CmdTab:PreviewRecovery] Preview recovery shareable-content failed for window 12406: domain=com.apple.ScreenCaptureKit.SCStreamErrorDomain code=-3801
2026-10-04 13:23:02.812 E  CmdTab[16849:7d3ea4] [com.apple.appintents:Connection] Unable to get remoteObjectProxy, error: Error Domain=NSCocoaErrorDomain Code=4097 "connection to service named com.apple.linkd.autoShortcut" UserInfo={NSDebugDescription=connection to service named com.apple.linkd.autoShortcut}
2026-10-04 13:23:02.812 E  CmdTab[16849:7d3ea4] [com.apple.appintents:Connection] Unable to re-register with Process Instance Registry, error: Error Domain=NSCocoaErrorDomain Code=4097 "connection to service named com.apple.linkd.autoShortcut" UserInfo={NSDebugDescription=connection to service named com.apple.linkd.autoShortcut}
2026-10-04 13:23:04.944 E  CmdTab[16849:7d3ea4] [com.apple.appintents:Connection] Unable to get remoteObjectProxy, error: Error Domain=NSCocoaErrorDomain Code=4097 "connection to service named com.apple.linkd.autoShortcut" UserInfo={NSDebugDescription=connection to service named com.apple.linkd.autoShortcut}
2026-10-04 13:23:04.945 E  CmdTab[16849:7d3ea4] [com.apple.appintents:Connection] Unable to re-register with Process Instance Registry, error: Error Domain=NSCocoaErrorDomain Code=4097 "connection to service named com.apple.linkd.autoShortcut" UserInfo={NSDebugDescription=connection to service named com.apple.linkd.autoShortcut}
2026-10-04 13:23:09.002 E  CmdTab[16849:7d3ea2] [CmdTab:AppSwitcher] Screen Recording permission not granted — thumbnails will be unavailable. Grant access in System Settings > Privacy & Security > Screen Recording.
2026-10-04 13:23:09.030 E  CmdTab[16849:7d3e0e] [com.apple.appintents:Connection] Will NOT re-try to establish the connection
2026-10-04 13:23:09.030 E  CmdTab[16849:7d3e0e] [com.apple.appintents:Connection] Unable to get remoteObjectProxy, error: Error Domain=NSCocoaErrorDomain Code=4097 "connection to service named com.apple.linkd.autoShortcut" UserInfo={NSDebugDescription=connection to service named com.apple.linkd.autoShortcut}
2026-10-04 13:23:09.030 E  CmdTab[16849:7d3e0e] [com.apple.appintents:Connection] Unable to re-register with Process Instance Registry, error: Error Domain=NSCocoaErrorDomain Code=4097 "connection to service named com.apple.linkd.autoShortcut" UserInfo={NSDebugDescription=connection to service named com.apple.linkd.autoShortcut}
