Timestamp               Ty Process[PID:TID]
2026-10-04 13:23:44.022 E  CmdTab[17278:7d46bd] [com.apple.AppKit:Application] Error registering app with intents framework: Error Domain=LNProcessInstanceRegistryClientErrorDomain Code=4 "Registration with the Process Instance Registry is asynchronous; use registerWithCompletionHandler: to obtain the process instance identifier." UserInfo={NSLocalizedDescription=Registration with the Process Instance Registry is asynchronous; use registerWithCompletionHandler: to obtain the process instance identifier.}
2026-10-04 13:23:44.025 E  CmdTab[17278:7d46be] [com.apple.appintents:Connection] Unable to get remoteObjectProxy, error: Error Domain=NSCocoaErrorDomain Code=4097 "connection to service named com.apple.linkd.autoShortcut" UserInfo={NSDebugDescription=connection to service named com.apple.linkd.autoShortcut}
2026-10-04 13:23:44.025 E  CmdTab[17278:7d46be] [com.apple.appintents:Connection] Unable to register with Process Instance Registry, error: Error Domain=NSCocoaErrorDomain Code=4097 "connection to service named com.apple.linkd.autoShortcut" UserInfo={NSDebugDescription=connection to service named com.apple.linkd.autoShortcut}
2026-10-04 13:23:44.351 E  CmdTab[17278:7d46bd] [CmdTab:AppSwitcher] Screen Recording permission not granted — thumbnails will be unavailable. Grant access in System Settings > Privacy & Security > Screen Recording.
2026-10-04 13:23:44.392 E  CmdTab[17278:7d46be] [CmdTab:PreviewRecovery] Preview recovery shareable-content failed for window 18172: domain=com.apple.ScreenCaptureKit.SCStreamErrorDomain code=-3801
2026-10-04 13:23:44.399 E  CmdTab[17278:7d46be] [CmdTab:PreviewRecovery] Preview recovery shareable-content failed for window 17717: domain=com.apple.ScreenCaptureKit.SCStreamErrorDomain code=-3801
2026-10-04 13:23:44.407 E  CmdTab[17278:7d46be] [CmdTab:PreviewRecovery] Preview recovery shareable-content failed for window 17675: domain=com.apple.ScreenCaptureKit.SCStreamErrorDomain code=-3801
2026-10-04 13:23:44.427 E  CmdTab[17278:7d46bf] [CmdTab:PreviewRecovery] Preview recovery shareable-content failed for window 17673: domain=com.apple.ScreenCaptureKit.SCStreamErrorDomain code=-3801
2026-10-04 13:23:44.436 E  CmdTab[17278:7d46bf] [CmdTab:PreviewRecovery] Preview recovery shareable-content failed for window 17544: domain=com.apple.ScreenCaptureKit.SCStreamErrorDomain code=-3801
2026-10-04 13:23:44.463 E  CmdTab[17278:7d46bf] [CmdTab:PreviewRecovery] Preview recovery shareable-content failed for window 15834: domain=com.apple.ScreenCaptureKit.SCStreamErrorDomain code=-3801
2026-10-04 13:23:44.480 E  CmdTab[17278:7d46f5] [CmdTab:PreviewRecovery] Preview recovery shareable-content failed for window 15777: domain=com.apple.ScreenCaptureKit.SCStreamErrorDomain code=-3801
2026-10-04 13:23:44.490 E  CmdTab[17278:7d46be] [CmdTab:PreviewRecovery] Preview recovery shareable-content failed for window 15672: domain=com.apple.ScreenCaptureKit.SCStreamErrorDomain code=-3801
2026-10-04 13:23:44.496 E  CmdTab[17278:7d46be] [CmdTab:PreviewRecovery] Preview recovery shareable-content failed for window 15671: domain=com.apple.ScreenCaptureKit.SCStreamErrorDomain code=-3801
2026-10-04 13:23:44.502 E  CmdTab[17278:7d46be] [CmdTab:PreviewRecovery] Preview recovery shareable-content failed for window 15253: domain=com.apple.ScreenCaptureKit.SCStreamErrorDomain code=-3801
2026-10-04 13:23:44.508 E  CmdTab[17278:7d46bf] [CmdTab:PreviewRecovery] Preview recovery shareable-content failed for window 15773: domain=com.apple.ScreenCaptureKit.SCStreamErrorDomain code=-3801
2026-10-04 13:23:44.515 E  CmdTab[17278:7d46bf] [CmdTab:PreviewRecovery] Preview recovery shareable-content failed for window 14581: domain=com.apple.ScreenCaptureKit.SCStreamErrorDomain code=-3801
2026-10-04 13:23:44.521 E  CmdTab[17278:7d46be] [CmdTab:PreviewRecovery] Preview recovery shareable-content failed for window 15771: domain=com.apple.ScreenCaptureKit.SCStreamErrorDomain code=-3801
2026-10-04 13:23:44.527 E  CmdTab[17278:7d46bf] [CmdTab:PreviewRecovery] Preview recovery shareable-content failed for window 14580: domain=com.apple.ScreenCaptureKit.SCStreamErrorDomain code=-3801
2026-10-04 13:23:44.534 E  CmdTab[17278:7d46f5] [CmdTab:PreviewRecovery] Preview recovery shareable-content failed for window 15673: domain=com.apple.ScreenCaptureKit.SCStreamErrorDomain code=-3801
2026-10-04 13:23:44.541 E  CmdTab[17278:7d46f5] [CmdTab:PreviewRecovery] Preview recovery shareable-content failed for window 12813: domain=com.apple.ScreenCaptureKit.SCStreamErrorDomain code=-3801
2026-10-04 13:23:44.551 E  CmdTab[17278:7d46f5] [CmdTab:PreviewRecovery] Preview recovery shareable-content failed for window 11853: domain=com.apple.ScreenCaptureKit.SCStreamErrorDomain code=-3801
2026-10-04 13:23:44.560 E  CmdTab[17278:7d46f5] [CmdTab:PreviewRecovery] Preview recovery shareable-content failed for window 11851: domain=com.apple.ScreenCaptureKit.SCStreamErrorDomain code=-3801
2026-10-04 13:23:44.565 E  CmdTab[17278:7d46bd] [CmdTab:AppSwitcher] Screen Recording permission not granted — thumbnails will be unavailable. Grant access in System Settings > Privacy & Security > Screen Recording.
2026-10-04 13:23:44.567 E  CmdTab[17278:7d46f5] [CmdTab:PreviewRecovery] Preview recovery shareable-content failed for window 11508: domain=com.apple.ScreenCaptureKit.SCStreamErrorDomain code=-3801
2026-10-04 13:23:44.574 E  CmdTab[17278:7d46f5] [CmdTab:PreviewRecovery] Preview recovery shareable-content failed for window 11401: domain=com.apple.ScreenCaptureKit.SCStreamErrorDomain code=-3801
2026-10-04 13:23:44.588 E  CmdTab[17278:7d46f4] [CmdTab:PreviewRecovery] Preview recovery shareable-content failed for window 10040: domain=com.apple.ScreenCaptureKit.SCStreamErrorDomain code=-3801
2026-10-04 13:23:44.597 E  CmdTab[17278:7d46f4] [CmdTab:PreviewRecovery] Preview recovery shareable-content failed for window 6128: domain=com.apple.ScreenCaptureKit.SCStreamErrorDomain code=-3801
2026-10-04 13:23:44.605 E  CmdTab[17278:7d46f4] [CmdTab:PreviewRecovery] Preview recovery shareable-content failed for window 4733: domain=com.apple.ScreenCaptureKit.SCStreamErrorDomain code=-3801
2026-10-04 13:23:44.612 E  CmdTab[17278:7d46f4] [CmdTab:PreviewRecovery] Preview recovery shareable-content failed for window 3502: domain=com.apple.ScreenCaptureKit.SCStreamErrorDomain code=-3801
2026-10-04 13:23:44.620 E  CmdTab[17278:7d46f5] [CmdTab:PreviewRecovery] Preview recovery shareable-content failed for window 3225: domain=com.apple.ScreenCaptureKit.SCStreamErrorDomain code=-3801
2026-10-04 13:23:44.626 E  CmdTab[17278:7d46f5] [CmdTab:PreviewRecovery] Preview recovery shareable-content failed for window 155: domain=com.apple.ScreenCaptureKit.SCStreamErrorDomain code=-3801
2026-10-04 13:23:44.633 E  CmdTab[17278:7d46f5] [CmdTab:PreviewRecovery] Preview recovery shareable-content failed for window 6083: domain=com.apple.ScreenCaptureKit.SCStreamErrorDomain code=-3801
2026-10-04 13:23:44.640 E  CmdTab[17278:7d46f5] [CmdTab:PreviewRecovery] Preview recovery shareable-content failed for window 10843: domain=com.apple.ScreenCaptureKit.SCStreamErrorDomain code=-3801
2026-10-04 13:23:44.647 E  CmdTab[17278:7d4707] [CmdTab:PreviewRecovery] Preview recovery shareable-content failed for window 103: domain=com.apple.ScreenCaptureKit.SCStreamErrorDomain code=-3801
2026-10-04 13:23:44.654 E  CmdTab[17278:7d4707] [CmdTab:PreviewRecovery] Preview recovery shareable-content failed for window 15575: domain=com.apple.ScreenCaptureKit.SCStreamErrorDomain code=-3801
2026-10-04 13:23:44.669 E  CmdTab[17278:7d46be] [CmdTab:PreviewRecovery] Preview recovery shareable-content failed for window 83: domain=com.apple.ScreenCaptureKit.SCStreamErrorDomain code=-3801
2026-10-04 13:23:44.675 E  CmdTab[17278:7d46be] [CmdTab:PreviewRecovery] Preview recovery shareable-content failed for window 11979: domain=com.apple.ScreenCaptureKit.SCStreamErrorDomain code=-3801
2026-10-04 13:23:44.681 E  CmdTab[17278:7d46be] [CmdTab:PreviewRecovery] Preview recovery shareable-content failed for window 69: domain=com.apple.ScreenCaptureKit.SCStreamErrorDomain code=-3801
2026-10-04 13:23:44.687 E  CmdTab[17278:7d46be] [CmdTab:PreviewRecovery] Preview recovery shareable-content failed for window 649: domain=com.apple.ScreenCaptureKit.SCStreamErrorDomain code=-3801
2026-10-04 13:23:44.694 E  CmdTab[17278:7d4707] [CmdTab:PreviewRecovery] Preview recovery shareable-content failed for window 626: domain=com.apple.ScreenCaptureKit.SCStreamErrorDomain code=-3801
2026-10-04 13:23:44.698 E  CmdTab[17278:7d46bd] [CmdTab:AppSwitcher] Screen Recording permission not granted — thumbnails will be unavailable. Grant access in System Settings > Privacy & Security > Screen Recording.
2026-10-04 13:23:44.701 E  CmdTab[17278:7d4707] [CmdTab:PreviewRecovery] Preview recovery shareable-content failed for window 6065: domain=com.apple.ScreenCaptureKit.SCStreamErrorDomain code=-3801
2026-10-04 13:23:44.710 E  CmdTab[17278:7d4707] [CmdTab:PreviewRecovery] Preview recovery shareable-content failed for window 110: domain=com.apple.ScreenCaptureKit.SCStreamErrorDomain code=-3801
2026-10-04 13:23:44.717 E  CmdTab[17278:7d46be] [CmdTab:PreviewRecovery] Preview recovery shareable-content failed for window 12406: domain=com.apple.ScreenCaptureKit.SCStreamErrorDomain code=-3801
2026-10-04 13:23:45.092 E  CmdTab[17278:7d4707] [com.apple.appintents:Connection] Unable to get remoteObjectProxy, error: Error Domain=NSCocoaErrorDomain Code=4097 "connection to service named com.apple.linkd.autoShortcut" UserInfo={NSDebugDescription=connection to service named com.apple.linkd.autoShortcut}
2026-10-04 13:23:45.092 E  CmdTab[17278:7d4707] [com.apple.appintents:Connection] Unable to re-register with Process Instance Registry, error: Error Domain=NSCocoaErrorDomain Code=4097 "connection to service named com.apple.linkd.autoShortcut" UserInfo={NSDebugDescription=connection to service named com.apple.linkd.autoShortcut}
2026-10-04 13:23:47.226 E  CmdTab[17278:7d4707] [com.apple.appintents:Connection] Unable to get remoteObjectProxy, error: Error Domain=NSCocoaErrorDomain Code=4097 "connection to service named com.apple.linkd.autoShortcut" UserInfo={NSDebugDescription=connection to service named com.apple.linkd.autoShortcut}
2026-10-04 13:23:47.226 E  CmdTab[17278:7d4707] [com.apple.appintents:Connection] Unable to re-register with Process Instance Registry, error: Error Domain=NSCocoaErrorDomain Code=4097 "connection to service named com.apple.linkd.autoShortcut" UserInfo={NSDebugDescription=connection to service named com.apple.linkd.autoShortcut}
2026-10-04 13:23:51.232 E  CmdTab[17278:7d470d] [com.apple.appintents:Connection] Will NOT re-try to establish the connection
2026-10-04 13:23:51.232 E  CmdTab[17278:7d470d] [com.apple.appintents:Connection] Unable to get remoteObjectProxy, error: Error Domain=NSCocoaErrorDomain Code=4097 "connection to service named com.apple.linkd.autoShortcut" UserInfo={NSDebugDescription=connection to service named com.apple.linkd.autoShortcut}
2026-10-04 13:23:51.232 E  CmdTab[17278:7d470d] [com.apple.appintents:Connection] Unable to re-register with Process Instance Registry, error: Error Domain=NSCocoaErrorDomain Code=4097 "connection to service named com.apple.linkd.autoShortcut" UserInfo={NSDebugDescription=connection to service named com.apple.linkd.autoShortcut}
2026-10-04 13:23:51.415 E  CmdTab[17278:7d470f] [CmdTab:AppSwitcher] Screen Recording permission not granted — thumbnails will be unavailable. Grant access in System Settings > Privacy & Security > Screen Recording.
