Timestamp               Ty Process[PID:TID]
2026-09-27 22:31:16.324 E  CmdTab[23320:25964] [com.apple.AppKit:Application] Error registering app with intents framework: Error Domain=LNProcessInstanceRegistryClientErrorDomain Code=4 "Registration with the Process Instance Registry is asynchronous; use registerWithCompletionHandler: to obtain the process instance identifier." UserInfo={NSLocalizedDescription=Registration with the Process Instance Registry is asynchronous; use registerWithCompletionHandler: to obtain the process instance identifier.}
2026-09-27 22:31:16.325 E  CmdTab[23320:25979] [com.apple.appintents:Connection] Unable to get remoteObjectProxy, error: Error Domain=NSCocoaErrorDomain Code=4097 "connection to service named com.apple.linkd.autoShortcut" UserInfo={NSDebugDescription=connection to service named com.apple.linkd.autoShortcut}
2026-09-27 22:31:16.325 E  CmdTab[23320:25979] [com.apple.appintents:Connection] Unable to register with Process Instance Registry, error: Error Domain=NSCocoaErrorDomain Code=4097 "connection to service named com.apple.linkd.autoShortcut" UserInfo={NSDebugDescription=connection to service named com.apple.linkd.autoShortcut}
2026-09-27 22:31:16.483 E  CmdTab[23320:25979] [CmdTab:AppSwitcher] Screen Recording permission not granted — thumbnails will be unavailable. Grant access in System Settings > Privacy & Security > Screen Recording.
2026-09-27 22:31:16.526 E  CmdTab[23320:25964] [CmdTab:PreviewRecovery] Preview recovery shareable-content failed for window 238: domain=com.apple.ScreenCaptureKit.SCStreamErrorDomain code=-3801
2026-09-27 22:31:16.535 E  CmdTab[23320:25964] [CmdTab:PreviewRecovery] Preview recovery shareable-content failed for window 195: domain=com.apple.ScreenCaptureKit.SCStreamErrorDomain code=-3801
2026-09-27 22:31:16.542 E  CmdTab[23320:25964] [CmdTab:PreviewRecovery] Preview recovery shareable-content failed for window 291: domain=com.apple.ScreenCaptureKit.SCStreamErrorDomain code=-3801
2026-09-27 22:31:16.557 E  CmdTab[23320:25964] [CmdTab:PreviewRecovery] Preview recovery shareable-content failed for window 92: domain=com.apple.ScreenCaptureKit.SCStreamErrorDomain code=-3801
2026-09-27 22:31:16.565 E  CmdTab[23320:25964] [CmdTab:PreviewRecovery] Preview recovery shareable-content failed for window 87: domain=com.apple.ScreenCaptureKit.SCStreamErrorDomain code=-3801
2026-09-27 22:31:16.573 E  CmdTab[23320:25964] [CmdTab:PreviewRecovery] Preview recovery shareable-content failed for window 78: domain=com.apple.ScreenCaptureKit.SCStreamErrorDomain code=-3801
2026-09-27 22:31:16.581 E  CmdTab[23320:25964] [CmdTab:PreviewRecovery] Preview recovery shareable-content failed for window 173: domain=com.apple.ScreenCaptureKit.SCStreamErrorDomain code=-3801
2026-09-27 22:31:16.588 E  CmdTab[23320:25964] [CmdTab:PreviewRecovery] Preview recovery shareable-content failed for window 243: domain=com.apple.ScreenCaptureKit.SCStreamErrorDomain code=-3801
2026-09-27 22:31:16.595 E  CmdTab[23320:25996] [CmdTab:PreviewRecovery] Preview recovery shareable-content failed for window 43: domain=com.apple.ScreenCaptureKit.SCStreamErrorDomain code=-3801
2026-09-27 22:31:16.605 E  CmdTab[23320:25996] [CmdTab:PreviewRecovery] Preview recovery shareable-content failed for window 42: domain=com.apple.ScreenCaptureKit.SCStreamErrorDomain code=-3801
2026-09-27 22:31:16.616 E  CmdTab[23320:25996] [CmdTab:PreviewRecovery] Preview recovery shareable-content failed for window 40: domain=com.apple.ScreenCaptureKit.SCStreamErrorDomain code=-3801
2026-09-27 22:31:16.624 E  CmdTab[23320:25965] [CmdTab:PreviewRecovery] Preview recovery shareable-content failed for window 38: domain=com.apple.ScreenCaptureKit.SCStreamErrorDomain code=-3801
2026-09-27 22:31:16.630 E  CmdTab[23320:25965] [CmdTab:PreviewRecovery] Preview recovery shareable-content failed for window 218: domain=com.apple.ScreenCaptureKit.SCStreamErrorDomain code=-3801
2026-09-27 22:31:16.638 E  CmdTab[23320:25965] [CmdTab:PreviewRecovery] Preview recovery shareable-content failed for window 259: domain=com.apple.ScreenCaptureKit.SCStreamErrorDomain code=-3801
2026-09-27 22:31:16.640 E  CmdTab[23320:25979] [CmdTab:AppSwitcher] Screen Recording permission not granted — thumbnails will be unavailable. Grant access in System Settings > Privacy & Security > Screen Recording.
2026-09-27 22:31:16.645 E  CmdTab[23320:25965] [CmdTab:PreviewRecovery] Preview recovery shareable-content failed for window 200: domain=com.apple.ScreenCaptureKit.SCStreamErrorDomain code=-3801
2026-09-27 22:31:16.651 E  CmdTab[23320:25965] [CmdTab:PreviewRecovery] Preview recovery shareable-content failed for window 219: domain=com.apple.ScreenCaptureKit.SCStreamErrorDomain code=-3801
2026-09-27 22:31:16.759 E  CmdTab[23320:25979] [CmdTab:AppSwitcher] Screen Recording permission not granted — thumbnails will be unavailable. Grant access in System Settings > Privacy & Security > Screen Recording.
2026-09-27 22:31:17.392 E  CmdTab[23320:25996] [com.apple.appintents:Connection] Unable to get remoteObjectProxy, error: Error Domain=NSCocoaErrorDomain Code=4097 "connection to service named com.apple.linkd.autoShortcut" UserInfo={NSDebugDescription=connection to service named com.apple.linkd.autoShortcut}
2026-09-27 22:31:17.392 E  CmdTab[23320:25996] [com.apple.appintents:Connection] Unable to re-register with Process Instance Registry, error: Error Domain=NSCocoaErrorDomain Code=4097 "connection to service named com.apple.linkd.autoShortcut" UserInfo={NSDebugDescription=connection to service named com.apple.linkd.autoShortcut}
2026-09-27 22:31:19.525 E  CmdTab[23320:25965] [com.apple.appintents:Connection] Unable to get remoteObjectProxy, error: Error Domain=NSCocoaErrorDomain Code=4097 "connection to service named com.apple.linkd.autoShortcut" UserInfo={NSDebugDescription=connection to service named com.apple.linkd.autoShortcut}
2026-09-27 22:31:19.525 E  CmdTab[23320:25965] [com.apple.appintents:Connection] Unable to re-register with Process Instance Registry, error: Error Domain=NSCocoaErrorDomain Code=4097 "connection to service named com.apple.linkd.autoShortcut" UserInfo={NSDebugDescription=connection to service named com.apple.linkd.autoShortcut}
2026-09-27 22:31:23.792 E  CmdTab[23320:25965] [com.apple.appintents:Connection] Will NOT re-try to establish the connection
2026-09-27 22:31:23.792 E  CmdTab[23320:25965] [com.apple.appintents:Connection] Unable to get remoteObjectProxy, error: Error Domain=NSCocoaErrorDomain Code=4097 "connection to service named com.apple.linkd.autoShortcut" UserInfo={NSDebugDescription=connection to service named com.apple.linkd.autoShortcut}
2026-09-27 22:31:23.792 E  CmdTab[23320:25965] [com.apple.appintents:Connection] Unable to re-register with Process Instance Registry, error: Error Domain=NSCocoaErrorDomain Code=4097 "connection to service named com.apple.linkd.autoShortcut" UserInfo={NSDebugDescription=connection to service named com.apple.linkd.autoShortcut}
2026-09-27 22:31:25.436 E  CmdTab[23320:25db2] [CmdTab:AppSwitcher] Screen Recording permission not granted — thumbnails will be unavailable. Grant access in System Settings > Privacy & Security > Screen Recording.
2026-09-27 22:31:25.510 E  CmdTab[23320:25db2] [CmdTab:AppSwitcher] Screen Recording permission not granted — thumbnails will be unavailable. Grant access in System Settings > Privacy & Security > Screen Recording.
2026-09-27 22:31:30.442 E  CmdTab[23320:25db8] [CmdTab:AppSwitcher] Screen Recording permission not granted — thumbnails will be unavailable. Grant access in System Settings > Privacy & Security > Screen Recording.
2026-09-27 22:31:30.945 E  CmdTab[23320:2604d] [com.apple.BaseBoard:Common] Unable to obtain a task name port right for pid 466: (os/kern) failure (0x5)
2026-09-27 22:31:32.782 E  CmdTab[23320:2604d] [CmdTab:AppSwitcher] Screen Recording permission not granted — thumbnails will be unavailable. Grant access in System Settings > Privacy & Security > Screen Recording.
2026-09-27 22:31:49.733 E  CmdTab[23320:26463] [CmdTab:AppSwitcher] Screen Recording permission not granted — thumbnails will be unavailable. Grant access in System Settings > Privacy & Security > Screen Recording.
2026-09-27 22:32:06.751 E  CmdTab[23320:260b6] [CmdTab:AppSwitcher] Screen Recording permission not granted — thumbnails will be unavailable. Grant access in System Settings > Privacy & Security > Screen Recording.
2026-09-27 22:32:09.884 E  CmdTab[23320:25923] [com.apple.AppKit:Window] Warning: -[NSWindow makeKeyWindow] called on <AppKit._NSGlassEffectWindow: 0x78ba22a300> windowNumber=144 which returned NO from -[NSWindow canBecomeKeyWindow].
2026-09-27 22:32:15.536 E  CmdTab[23320:26463] [CmdTab:AppSwitcher] Screen Recording permission not granted — thumbnails will be unavailable. Grant access in System Settings > Privacy & Security > Screen Recording.
2026-09-27 22:32:15.944 E  CmdTab[23320:26a58] [CmdTab:AppSwitcher] Screen Recording permission not granted — thumbnails will be unavailable. Grant access in System Settings > Privacy & Security > Screen Recording.
2026-09-27 22:32:32.114 E  CmdTab[23320:26463] [CmdTab:AppSwitcher] Screen Recording permission not granted — thumbnails will be unavailable. Grant access in System Settings > Privacy & Security > Screen Recording.
