Timestamp               Ty Process[PID:TID]
2026-09-27 17:40:41.627 E  CmdTab[65366:3855be] [com.apple.AppKit:Application] Error registering app with intents framework: Error Domain=LNProcessInstanceRegistryClientErrorDomain Code=4 "Registration with the Process Instance Registry is asynchronous; use registerWithCompletionHandler: to obtain the process instance identifier." UserInfo={NSLocalizedDescription=Registration with the Process Instance Registry is asynchronous; use registerWithCompletionHandler: to obtain the process instance identifier.}
2026-09-27 17:40:41.630 E  CmdTab[65366:3855be] [com.apple.appintents:Connection] Unable to get remoteObjectProxy, error: Error Domain=NSCocoaErrorDomain Code=4097 "connection to service named com.apple.linkd.autoShortcut" UserInfo={NSDebugDescription=connection to service named com.apple.linkd.autoShortcut}
2026-09-27 17:40:41.630 E  CmdTab[65366:3855be] [com.apple.appintents:Connection] Unable to register with Process Instance Registry, error: Error Domain=NSCocoaErrorDomain Code=4097 "connection to service named com.apple.linkd.autoShortcut" UserInfo={NSDebugDescription=connection to service named com.apple.linkd.autoShortcut}
2026-09-27 17:40:41.826 E  CmdTab[65366:3855cf] [CmdTab:AppSwitcher] Screen Recording permission not granted — thumbnails will be unavailable. Grant access in System Settings > Privacy & Security > Screen Recording.
2026-09-27 17:40:41.849 E  CmdTab[65366:3855be] [CmdTab:PreviewRecovery] Preview recovery shareable-content failed for window 4537: domain=com.apple.ScreenCaptureKit.SCStreamErrorDomain code=-3801
2026-09-27 17:40:41.856 E  CmdTab[65366:3855be] [CmdTab:PreviewRecovery] Preview recovery shareable-content failed for window 4536: domain=com.apple.ScreenCaptureKit.SCStreamErrorDomain code=-3801
2026-09-27 17:40:41.863 E  CmdTab[65366:3855be] [CmdTab:PreviewRecovery] Preview recovery shareable-content failed for window 1847: domain=com.apple.ScreenCaptureKit.SCStreamErrorDomain code=-3801
2026-09-27 17:40:41.869 E  CmdTab[65366:3855be] [CmdTab:PreviewRecovery] Preview recovery shareable-content failed for window 1414: domain=com.apple.ScreenCaptureKit.SCStreamErrorDomain code=-3801
2026-09-27 17:40:41.875 E  CmdTab[65366:3855be] [CmdTab:PreviewRecovery] Preview recovery shareable-content failed for window 1394: domain=com.apple.ScreenCaptureKit.SCStreamErrorDomain code=-3801
2026-09-27 17:40:41.882 E  CmdTab[65366:3855be] [CmdTab:PreviewRecovery] Preview recovery shareable-content failed for window 1171: domain=com.apple.ScreenCaptureKit.SCStreamErrorDomain code=-3801
2026-09-27 17:40:41.890 E  CmdTab[65366:3855be] [CmdTab:PreviewRecovery] Preview recovery shareable-content failed for window 99: domain=com.apple.ScreenCaptureKit.SCStreamErrorDomain code=-3801
2026-09-27 17:40:41.897 E  CmdTab[65366:3855be] [CmdTab:PreviewRecovery] Preview recovery shareable-content failed for window 247: domain=com.apple.ScreenCaptureKit.SCStreamErrorDomain code=-3801
2026-09-27 17:40:41.904 E  CmdTab[65366:3855be] [CmdTab:PreviewRecovery] Preview recovery shareable-content failed for window 82: domain=com.apple.ScreenCaptureKit.SCStreamErrorDomain code=-3801
2026-09-27 17:40:41.913 E  CmdTab[65366:3855be] [CmdTab:PreviewRecovery] Preview recovery shareable-content failed for window 81: domain=com.apple.ScreenCaptureKit.SCStreamErrorDomain code=-3801
2026-09-27 17:40:41.924 E  CmdTab[65366:3855be] [CmdTab:PreviewRecovery] Preview recovery shareable-content failed for window 1375: domain=com.apple.ScreenCaptureKit.SCStreamErrorDomain code=-3801
2026-09-27 17:40:41.936 E  CmdTab[65366:3855be] [CmdTab:PreviewRecovery] Preview recovery shareable-content failed for window 770: domain=com.apple.ScreenCaptureKit.SCStreamErrorDomain code=-3801
2026-09-27 17:40:41.943 E  CmdTab[65366:3855cf] [CmdTab:AppSwitcher] Screen Recording permission not granted — thumbnails will be unavailable. Grant access in System Settings > Privacy & Security > Screen Recording.
2026-09-27 17:40:41.948 E  CmdTab[65366:3855be] [CmdTab:PreviewRecovery] Preview recovery shareable-content failed for window 112: domain=com.apple.ScreenCaptureKit.SCStreamErrorDomain code=-3801
2026-09-27 17:40:41.967 E  CmdTab[65366:3855cd] [CmdTab:PreviewRecovery] Preview recovery shareable-content failed for window 100: domain=com.apple.ScreenCaptureKit.SCStreamErrorDomain code=-3801
2026-09-27 17:40:41.981 E  CmdTab[65366:3855cd] [CmdTab:PreviewRecovery] Preview recovery shareable-content failed for window 104: domain=com.apple.ScreenCaptureKit.SCStreamErrorDomain code=-3801
2026-09-27 17:40:41.993 E  CmdTab[65366:3855cd] [CmdTab:PreviewRecovery] Preview recovery shareable-content failed for window 103: domain=com.apple.ScreenCaptureKit.SCStreamErrorDomain code=-3801
2026-09-27 17:40:42.005 E  CmdTab[65366:3855cd] [CmdTab:PreviewRecovery] Preview recovery shareable-content failed for window 101: domain=com.apple.ScreenCaptureKit.SCStreamErrorDomain code=-3801
2026-09-27 17:40:42.013 E  CmdTab[65366:3855cd] [CmdTab:PreviewRecovery] Preview recovery shareable-content failed for window 98: domain=com.apple.ScreenCaptureKit.SCStreamErrorDomain code=-3801
2026-09-27 17:40:42.024 E  CmdTab[65366:3855cd] [CmdTab:PreviewRecovery] Preview recovery shareable-content failed for window 97: domain=com.apple.ScreenCaptureKit.SCStreamErrorDomain code=-3801
2026-09-27 17:40:42.033 E  CmdTab[65366:3855be] [CmdTab:PreviewRecovery] Preview recovery shareable-content failed for window 288: domain=com.apple.ScreenCaptureKit.SCStreamErrorDomain code=-3801
2026-09-27 17:40:42.041 E  CmdTab[65366:3855be] [CmdTab:PreviewRecovery] Preview recovery shareable-content failed for window 83: domain=com.apple.ScreenCaptureKit.SCStreamErrorDomain code=-3801
2026-09-27 17:40:42.049 E  CmdTab[65366:3855be] [CmdTab:PreviewRecovery] Preview recovery shareable-content failed for window 89: domain=com.apple.ScreenCaptureKit.SCStreamErrorDomain code=-3801
2026-09-27 17:40:42.056 E  CmdTab[65366:3855be] [CmdTab:PreviewRecovery] Preview recovery shareable-content failed for window 72: domain=com.apple.ScreenCaptureKit.SCStreamErrorDomain code=-3801
2026-09-27 17:40:42.057 E  CmdTab[65366:3855cf] [CmdTab:AppSwitcher] Screen Recording permission not granted — thumbnails will be unavailable. Grant access in System Settings > Privacy & Security > Screen Recording.
2026-09-27 17:40:42.063 E  CmdTab[65366:3855be] [CmdTab:PreviewRecovery] Preview recovery shareable-content failed for window 213: domain=com.apple.ScreenCaptureKit.SCStreamErrorDomain code=-3801
2026-09-27 17:40:42.070 E  CmdTab[65366:3855be] [CmdTab:PreviewRecovery] Preview recovery shareable-content failed for window 2005: domain=com.apple.ScreenCaptureKit.SCStreamErrorDomain code=-3801
2026-09-27 17:40:42.075 E  CmdTab[65366:3855be] [CmdTab:PreviewRecovery] Preview recovery shareable-content failed for window 1211: domain=com.apple.ScreenCaptureKit.SCStreamErrorDomain code=-3801
2026-09-27 17:40:42.082 E  CmdTab[65366:3855be] [CmdTab:PreviewRecovery] Preview recovery shareable-content failed for window 113: domain=com.apple.ScreenCaptureKit.SCStreamErrorDomain code=-3801
2026-09-27 17:40:42.090 E  CmdTab[65366:3855be] [CmdTab:PreviewRecovery] Preview recovery shareable-content failed for window 111: domain=com.apple.ScreenCaptureKit.SCStreamErrorDomain code=-3801
2026-09-27 17:40:42.100 E  CmdTab[65366:3855be] [CmdTab:PreviewRecovery] Preview recovery shareable-content failed for window 110: domain=com.apple.ScreenCaptureKit.SCStreamErrorDomain code=-3801
2026-09-27 17:40:42.107 E  CmdTab[65366:3855be] [CmdTab:PreviewRecovery] Preview recovery shareable-content failed for window 1990: domain=com.apple.ScreenCaptureKit.SCStreamErrorDomain code=-3801
2026-09-27 17:40:42.116 E  CmdTab[65366:3855be] [CmdTab:PreviewRecovery] Preview recovery shareable-content failed for window 112: domain=com.apple.ScreenCaptureKit.SCStreamErrorDomain code=-3801
2026-09-27 17:40:42.697 E  CmdTab[65366:3855be] [com.apple.appintents:Connection] Unable to get remoteObjectProxy, error: Error Domain=NSCocoaErrorDomain Code=4097 "connection to service named com.apple.linkd.autoShortcut" UserInfo={NSDebugDescription=connection to service named com.apple.linkd.autoShortcut}
2026-09-27 17:40:42.697 E  CmdTab[65366:3855be] [com.apple.appintents:Connection] Unable to re-register with Process Instance Registry, error: Error Domain=NSCocoaErrorDomain Code=4097 "connection to service named com.apple.linkd.autoShortcut" UserInfo={NSDebugDescription=connection to service named com.apple.linkd.autoShortcut}
2026-09-27 17:40:44.832 E  CmdTab[65366:3855be] [com.apple.appintents:Connection] Unable to get remoteObjectProxy, error: Error Domain=NSCocoaErrorDomain Code=4097 "connection to service named com.apple.linkd.autoShortcut" UserInfo={NSDebugDescription=connection to service named com.apple.linkd.autoShortcut}
2026-09-27 17:40:44.832 E  CmdTab[65366:3855be] [com.apple.appintents:Connection] Unable to re-register with Process Instance Registry, error: Error Domain=NSCocoaErrorDomain Code=4097 "connection to service named com.apple.linkd.autoShortcut" UserInfo={NSDebugDescription=connection to service named com.apple.linkd.autoShortcut}
2026-09-27 17:40:49.100 E  CmdTab[65366:3855be] [com.apple.appintents:Connection] Will NOT re-try to establish the connection
2026-09-27 17:40:49.100 E  CmdTab[65366:3855be] [com.apple.appintents:Connection] Unable to get remoteObjectProxy, error: Error Domain=NSCocoaErrorDomain Code=4097 "connection to service named com.apple.linkd.autoShortcut" UserInfo={NSDebugDescription=connection to service named com.apple.linkd.autoShortcut}
2026-09-27 17:40:49.100 E  CmdTab[65366:3855be] [com.apple.appintents:Connection] Unable to re-register with Process Instance Registry, error: Error Domain=NSCocoaErrorDomain Code=4097 "connection to service named com.apple.linkd.autoShortcut" UserInfo={NSDebugDescription=connection to service named com.apple.linkd.autoShortcut}
2026-09-27 17:40:49.941 E  CmdTab[65366:3855be] [CmdTab:AppSwitcher] Screen Recording permission not granted — thumbnails will be unavailable. Grant access in System Settings > Privacy & Security > Screen Recording.
2026-09-27 17:40:49.986 E  CmdTab[65366:3855be] [CmdTab:AppSwitcher] Screen Recording permission not granted — thumbnails will be unavailable. Grant access in System Settings > Privacy & Security > Screen Recording.
2026-09-27 17:40:54.858 E  CmdTab[65366:38580f] [CmdTab:AppSwitcher] Screen Recording permission not granted — thumbnails will be unavailable. Grant access in System Settings > Privacy & Security > Screen Recording.
2026-09-27 17:40:55.401 E  CmdTab[65366:385881] [com.apple.BaseBoard:Common] Unable to obtain a task name port right for pid 629: (os/kern) failure (0x5)
2026-09-27 17:40:57.746 E  CmdTab[65366:385882] [CmdTab:AppSwitcher] Screen Recording permission not granted — thumbnails will be unavailable. Grant access in System Settings > Privacy & Security > Screen Recording.
2026-09-27 17:41:01.784 E  CmdTab[65366:385886] [CmdTab:AppSwitcher] Screen Recording permission not granted — thumbnails will be unavailable. Grant access in System Settings > Privacy & Security > Screen Recording.
2026-09-27 17:41:19.836 E  CmdTab[65366:385885] [CmdTab:AppSwitcher] Screen Recording permission not granted — thumbnails will be unavailable. Grant access in System Settings > Privacy & Security > Screen Recording.
2026-09-27 17:41:24.380 E  CmdTab[65366:385885] [CmdTab:AppSwitcher] Screen Recording permission not granted — thumbnails will be unavailable. Grant access in System Settings > Privacy & Security > Screen Recording.
2026-09-27 17:41:30.125 E  CmdTab[65366:385885] [CmdTab:AppSwitcher] Screen Recording permission not granted — thumbnails will be unavailable. Grant access in System Settings > Privacy & Security > Screen Recording.
2026-09-27 17:41:36.186 E  CmdTab[65366:385e94] [CmdTab:AppSwitcher] Screen Recording permission not granted — thumbnails will be unavailable. Grant access in System Settings > Privacy & Security > Screen Recording.
2026-09-27 17:41:38.033 E  CmdTab[65366:385e94] [CmdTab:AppSwitcher] Screen Recording permission not granted — thumbnails will be unavailable. Grant access in System Settings > Privacy & Security > Screen Recording.
2026-09-27 17:42:01.300 E  CmdTab[65366:38580f] [CmdTab:AppSwitcher] Screen Recording permission not granted — thumbnails will be unavailable. Grant access in System Settings > Privacy & Security > Screen Recording.
2026-09-27 17:42:03.258 E  CmdTab[65366:385e9a] [CmdTab:AppSwitcher] Screen Recording permission not granted — thumbnails will be unavailable. Grant access in System Settings > Privacy & Security > Screen Recording.
